[preview.colorlib.com/theme/hospice/index.html]
[preview.colorlib.com/theme/hospice/img/favicon.png]
[backblue.gif]
[fade.gif]
[index.html]
[preview.colorlib.com/theme/hospice/css/bootstrap.css]
[preview.colorlib.com/theme/hospice/vendors/linericon/style.css]
[preview.colorlib.com/theme/hospice/css/font-awesome.min.css]
[preview.colorlib.com/theme/hospice/vendors/owl-carousel/owl.carousel.min.css]
[preview.colorlib.com/theme/hospice/vendors/lightbox/simpleLightbox.css]
[preview.colorlib.com/theme/hospice/vendors/nice-select/css/nice-select.css]
[preview.colorlib.com/theme/hospice/vendors/animate-css/animate.css]
[preview.colorlib.com/theme/hospice/vendors/jquery-ui/jquery-ui.css]
[preview.colorlib.com/theme/hospice/css/style.css]
[preview.colorlib.com/theme/hospice/css/responsive.css]
[preview.colorlib.com/theme/hospice/login.html]
[preview.colorlib.com/theme/hospice/img/logo.png]
[preview.colorlib.com/theme/hospice/departments.html]
[preview.colorlib.com/theme/hospice/doctors.html]
[preview.colorlib.com/theme/hospice/about.html]
[preview.colorlib.com/theme/hospice/services.html]
[preview.colorlib.com/theme/hospice/elements.html]
[preview.colorlib.com/theme/hospice/blog.html]
[preview.colorlib.com/theme/hospice/single-blog.html]
[preview.colorlib.com/theme/hospice/contact.html]
[preview.colorlib.com/theme/hospice/img/procedure/p1.jpg]
[preview.colorlib.com/theme/hospice/img/procedure/p2.jpg]
[preview.colorlib.com/theme/hospice/img/procedure/p3.jpg]
[preview.colorlib.com/theme/hospice/img/about-me.jpg]
[preview.colorlib.com/theme/hospice/img/feedback-bg.jpg]
[preview.colorlib.com/theme/hospice/img/b1.jpg]
[preview.colorlib.com/theme/hospice/img/b2.jpg]
[preview.colorlib.com/theme/hospice/img/b3.jpg]
[preview.colorlib.com/cdn-cgi/scripts/5c5dd728/cloudflare-static/email-decode.min.js]
[preview.colorlib.com/theme/hospice/js/jquery-3.2.1.min.js]
[preview.colorlib.com/theme/hospice/js/popper.js]
[preview.colorlib.com/theme/hospice/js/bootstrap.min.js]
[preview.colorlib.com/theme/hospice/vendors/nice-select/js/jquery.nice-select.min.js]
[preview.colorlib.com/theme/hospice/vendors/isotope/isotope-min.js]
[preview.colorlib.com/theme/hospice/vendors/owl-carousel/owl.carousel.min.js]
[preview.colorlib.com/theme/hospice/js/jquery.ajaxchimp.min.js]
[cdnjs.cloudflare.com/ajax/libs/Counter-Up/1.0.0/jquery.counterup.min.js]
[cdnjs.cloudflare.com/ajax/libs/waypoints/4.0.1/jquery.waypoints.min.js]
[preview.colorlib.com/theme/hospice/js/mail-script.js]
[preview.colorlib.com/theme/hospice/js/custom.js]
[preview.colorlib.com/theme/hospice/index.html]
[preview.colorlib.com/theme/hospice/css/bootstrap.css]
[preview.colorlib.com/theme/hospice/vendors/linericon/fonts/Linearicons-Free54e9.eot]
[preview.colorlib.com/theme/hospice/vendors/linericon/fonts/Linearicons-Freed41d.eot]
[preview.colorlib.com/theme/hospice/vendors/linericon/fonts/Linearicons-Free54e9.woff2]
[preview.colorlib.com/theme/hospice/vendors/linericon/fonts/Linearicons-Free54e9.woff]
[preview.colorlib.com/theme/hospice/vendors/linericon/style.css]
[preview.colorlib.com/theme/hospice/vendors/linericon/fonts/Linearicons-Free54e9.svg]
[preview.colorlib.com/theme/hospice/fonts/fontawesome-webfont3295.eot]
[preview.colorlib.com/theme/hospice/fonts/fontawesome-webfontd41d.eot]
[preview.colorlib.com/theme/hospice/fonts/fontawesome-webfont3295.woff2]
[preview.colorlib.com/theme/hospice/fonts/fontawesome-webfont3295.woff]
[preview.colorlib.com/theme/hospice/fonts/fontawesome-webfont3295.ttf]
[preview.colorlib.com/theme/hospice/css/font-awesome.min.css]
[preview.colorlib.com/theme/hospice/fonts/fontawesome-webfont3295.svg]
[preview.colorlib.com/theme/hospice/vendors/owl-carousel/owl.video.play.png]
[preview.colorlib.com/theme/hospice/vendors/owl-carousel/owl.carousel.min.css]
[preview.colorlib.com/theme/hospice/vendors/lightbox/simpleLightbox.css]
[preview.colorlib.com/theme/hospice/vendors/nice-select/css/nice-select.css]
[preview.colorlib.com/theme/hospice/vendors/animate-css/animate.css]
[preview.colorlib.com/theme/hospice/vendors/linericon/fonts/Linearicons-Free54e9.ttf]
[preview.colorlib.com/theme/hospice/vendors/jquery-ui/images/ui-icons_444444_256x240.png]
[preview.colorlib.com/theme/hospice/vendors/jquery-ui/images/ui-icons_555555_256x240.png]
[preview.colorlib.com/theme/hospice/vendors/jquery-ui/images/ui-icons_ffffff_256x240.png]
[preview.colorlib.com/theme/hospice/vendors/jquery-ui/images/ui-icons_777620_256x240.png]
[preview.colorlib.com/theme/hospice/vendors/jquery-ui/images/ui-icons_cc0000_256x240.png]
[preview.colorlib.com/theme/hospice/vendors/jquery-ui/images/ui-icons_777777_256x240.png]
[preview.colorlib.com/theme/hospice/vendors/jquery-ui/jquery-ui.css]
[preview.colorlib.com/theme/hospice/img/banner/home.jpg]
[preview.colorlib.com/theme/hospice/img/banner-bg.jpg]
[preview.colorlib.com/theme/hospice/img/elements/primary-check.png]
[preview.colorlib.com/theme/hospice/img/elements/success-check.png]
[preview.colorlib.com/theme/hospice/img/elements/disabled-check.png]
[preview.colorlib.com/theme/hospice/img/elements/primary-radio.png]
[preview.colorlib.com/theme/hospice/img/elements/success-radio.png]
[preview.colorlib.com/theme/hospice/img/elements/disabled-radio.png]
[preview.colorlib.com/theme/hospice/css/style.css]
[preview.colorlib.com/theme/hospice/css/responsive.css]
[preview.colorlib.com/cdn-cgi/zaraz/sd0d9.js]
[preview.colorlib.com/theme/hospice/login.html]
[preview.colorlib.com/theme/hospice/departments.html]
[preview.colorlib.com/theme/hospice/img/t1.jpg]
[preview.colorlib.com/theme/hospice/img/t2.jpg]
[preview.colorlib.com/theme/hospice/img/t3.jpg]
[preview.colorlib.com/theme/hospice/img/t4.jpg]
[preview.colorlib.com/theme/hospice/doctors.html]
[preview.colorlib.com/theme/hospice/about.html]
[preview.colorlib.com/theme/hospice/services.html]
[preview.colorlib.com/theme/hospice/img/elements/d.jpg]
[preview.colorlib.com/theme/hospice/img/elements/f1.jpg]
[preview.colorlib.com/theme/hospice/img/elements/f2.jpg]
[preview.colorlib.com/theme/hospice/img/elements/f3.jpg]
[preview.colorlib.com/theme/hospice/img/elements/f4.jpg]
[preview.colorlib.com/theme/hospice/img/elements/f5.jpg]
[preview.colorlib.com/theme/hospice/img/elements/f6.jpg]
[preview.colorlib.com/theme/hospice/img/elements/f7.jpg]
[preview.colorlib.com/theme/hospice/img/elements/f8.jpg]
[preview.colorlib.com/theme/hospice/img/elements/g1.jpg]
[preview.colorlib.com/theme/hospice/img/elements/g2.jpg]
[preview.colorlib.com/theme/hospice/img/elements/g3.jpg]
[preview.colorlib.com/theme/hospice/img/elements/g4.jpg]
[preview.colorlib.com/theme/hospice/img/elements/g5.jpg]
[preview.colorlib.com/theme/hospice/img/elements/g6.jpg]
[preview.colorlib.com/theme/hospice/img/elements/g7.jpg]
[preview.colorlib.com/theme/hospice/img/elements/g8.jpg]
[preview.colorlib.com/theme/hospice/js/stellar.js]
[preview.colorlib.com/theme/hospice/vendors/lightbox/simpleLightbox.min.js]
[preview.colorlib.com/theme/hospice/vendors/isotope/imagesloaded.pkgd.min.js]
[preview.colorlib.com/theme/hospice/elements.html]
[preview.colorlib.com/theme/hospice/img/blog/cat-post/cat-post-3.jpg]
[preview.colorlib.com/theme/hospice/vendors/jquery-ui/jquery-ui.js]
[preview.colorlib.com/theme/hospice/img/blog/cat-post/cat-post-2.jpg]
[preview.colorlib.com/theme/hospice/img/blog/cat-post/cat-post-1.jpg]
[preview.colorlib.com/theme/hospice/img/blog/main-blog/m-blog-1.jpg]
[preview.colorlib.com/theme/hospice/img/blog/main-blog/m-blog-2.jpg]
[preview.colorlib.com/theme/hospice/img/blog/main-blog/m-blog-3.jpg]
[preview.colorlib.com/theme/hospice/img/blog/main-blog/m-blog-4.jpg]
[preview.colorlib.com/theme/hospice/img/blog/main-blog/m-blog-5.jpg]
[preview.colorlib.com/theme/hospice/img/blog/author.png]
[preview.colorlib.com/theme/hospice/img/blog/popular-post/post1.jpg]
[preview.colorlib.com/theme/hospice/img/blog/popular-post/post2.jpg]
[preview.colorlib.com/theme/hospice/img/blog/popular-post/post3.jpg]
[preview.colorlib.com/theme/hospice/img/blog/popular-post/post4.jpg]
[preview.colorlib.com/theme/hospice/img/blog/add.jpg]
[preview.colorlib.com/theme/hospice/js/theme.js]
[preview.colorlib.com/theme/hospice/blog.html]
[preview.colorlib.com/theme/hospice/img/blog/feature-img1.jpg]
[preview.colorlib.com/theme/hospice/img/blog/post-img1.jpg]
[preview.colorlib.com/theme/hospice/img/blog/post-img2.jpg]
[preview.colorlib.com/theme/hospice/img/blog/prev.jpg]
[preview.colorlib.com/theme/hospice/img/blog/next.jpg]
[preview.colorlib.com/theme/hospice/img/blog/c1.jpg]
[preview.colorlib.com/theme/hospice/img/blog/c2.jpg]
[preview.colorlib.com/theme/hospice/img/blog/c3.jpg]
[preview.colorlib.com/theme/hospice/img/blog/c4.jpg]
[preview.colorlib.com/theme/hospice/img/blog/c5.jpg]
[preview.colorlib.com/theme/hospice/blog-details.html]
[preview.colorlib.com/theme/hospice/single-blog.html]
[preview.colorlib.com/theme/hospice/contact.html]
[preview.colorlib.com/theme/hospice/vendors/linericon/fonts/Linearicons-Free54e9.svg]
[preview.colorlib.com/theme/hospice/fonts/fontawesome-webfont3295.svg]
[preview.colorlib.com/theme/hospice/vendors/owl-carousel/owl.video.play.html]
[preview.colorlib.com/theme/hospice/vendors/jquery-ui/images/ui-icons_444444_256x240.html]
[preview.colorlib.com/theme/hospice/vendors/jquery-ui/images/ui-icons_555555_256x240.html]
[preview.colorlib.com/theme/hospice/vendors/jquery-ui/images/ui-icons_ffffff_256x240.html]
[preview.colorlib.com/theme/hospice/vendors/jquery-ui/images/ui-icons_777620_256x240.html]
[preview.colorlib.com/theme/hospice/vendors/jquery-ui/images/ui-icons_cc0000_256x240.html]
[preview.colorlib.com/theme/hospice/vendors/jquery-ui/images/ui-icons_777777_256x240.html]
[preview.colorlib.com/theme/hospice/js/theme.html]
[preview.colorlib.com/theme/hospice/blog-details.html]
